[inv.wekita.id/animasi-premium-06/index.html]
[backblue.gif]
[fade.gif]
[index.html]
[inv.wekita.id/wp-content/uploads/useanyfont/uaf4fd2.css]
[inv.wekita.id/wp-content/plugins/weddingpress/assets/css/wdp-centered-timeline.min8da3.css]
[inv.wekita.id/wp-content/plugins/weddingpress/assets/css/wdp-horizontal-styles.min8da3.css]
[inv.wekita.id/wp-content/plugins/weddingpress/assets/css/wdp-fontello8da3.css]
[inv.wekita.id/wp-content/plugins/weddingpress/assets/css/exad-styles.min8da3.css]
[inv.wekita.id/wp-content/plugins/weddingpress/addons/comment-kit2/css/cui_style8a54.css]
[inv.wekita.id/wp-content/themes/hello-elementor/style.min653d.css]
[inv.wekita.id/wp-content/themes/hello-elementor/theme.min653d.css]
[inv.wekita.id/wp-content/plugins/elementor/assets/css/frontend-lite.minf3b2.css]
[inv.wekita.id/wp-content/uploads/elementor/css/post-7b048.css]
[inv.wekita.id/wp-content/plugins/elementor/assets/lib/eicons/css/elementor-icons.min7bb8.css]
[inv.wekita.id/wp-content/plugins/elementor/assets/lib/swiper/v8/css/swiper.min94a4.css]
[inv.wekita.id/wp-content/plugins/elementor-pro/assets/css/frontend-lite.minaad7.css]
[inv.wekita.id/wp-content/plugins/weddingpress/assets/css/wdp9b4a.css]
[inv.wekita.id/wp-content/plugins/weddingpress/assets/css/guest-book9b4a.css]
[inv.wekita.id/wp-content/uploads/elementor/css/globalba1f.css]
[inv.wekita.id/wp-content/uploads/elementor/css/post-3021f7ff.css]
[inv.wekita.id/wp-content/plugins/elementor/assets/lib/font-awesome/css/fontawesome.min52d5.css]
[inv.wekita.id/wp-content/plugins/elementor/assets/lib/font-awesome/css/brands.min52d5.css]
[inv.wekita.id/wp-content/plugins/elementor/assets/lib/font-awesome/css/solid.min52d5.css]
[inv.wekita.id/wp-content/plugins/elementor/assets/lib/font-awesome/css/regular.min52d5.css]
[inv.wekita.id/wp-includes/js/jquery/jquery.minf43b.js]
[inv.wekita.id/wp-includes/js/jquery/jquery-migrate.min5589.js]
[inv.wekita.id/wp-content/uploads/2023/05/cropped-loglog-32x32.png]
[inv.wekita.id/wp-content/uploads/2023/05/cropped-loglog-192x192.png]
[inv.wekita.id/wp-content/uploads/2023/05/cropped-loglog-180x180.png]
[inv.wekita.id/wp-content/uploads/2023/05/BCA_logo_Bank_Central_Asia-1-3.png]
[inv.wekita.id/wp-content/uploads/2023/05/chip-atm-1-2-1.png]
[inv.wekita.id/wp-content/uploads/2023/05/1200px-Logo_dana_blue.svg-1-4-1.png]
[inv.wekita.id/wp-content/plugins/elementor-pro/assets/css/widget-animated-headline.min.css]
[inv.wekita.id/wp-content/plugins/elementor/assets/lib/animations/animations.minf3b2.css]
[inv.wekita.id/wp-content/plugins/weddingpress/assets/js/wdp-swiper.min.js]
[inv.wekita.id/animasi-premium-06/index7890.html]
[inv.wekita.id/wp-content/plugins/weddingpress/assets/js/qr-code.js]
[inv.wekita.id/wp-content/plugins/weddingpress/assets/js/wdp-horizontal.js]
[inv.wekita.id/wp-content/plugins/weddingpress/assets/js/exad-scripts.min9b4a.js]
[inv.wekita.id/wp-content/plugins/weddingpress/addons/comment-kit2/js/cui_script8a54.js]
[inv.wekita.id/wp-content/plugins/weddingpress/addons/comment-kit2/js/libs/jquery.jPages.minac14.js]
[inv.wekita.id/wp-content/plugins/weddingpress/addons/comment-kit2/js/libs/jquery.textareaCounterd5f7.js]
[inv.wekita.id/wp-content/plugins/weddingpress/addons/comment-kit2/js/libs/jquery.placeholder.min5d0a.js]
[inv.wekita.id/wp-content/plugins/weddingpress/addons/comment-kit2/js/libs/autosize.mind50e.js]
[inv.wekita.id/wp-content/themes/hello-elementor/assets/js/hello-frontend.min8a54.js]
[inv.wekita.id/wp-content/plugins/elementor-pro/assets/lib/lottie/lottie.min3f90.js]
[inv.wekita.id/wp-content/plugins/elementor-pro/assets/js/webpack-pro.runtime.minaad7.js]
[inv.wekita.id/wp-content/plugins/elementor/assets/js/webpack.runtime.minf3b2.js]
[inv.wekita.id/wp-content/plugins/elementor/assets/js/frontend-modules.minf3b2.js]
[inv.wekita.id/wp-includes/js/dist/vendor/wp-polyfill-inert.min0226.js]
[inv.wekita.id/wp-includes/js/dist/vendor/regenerator-runtime.min6c85.js]
[inv.wekita.id/wp-includes/js/dist/vendor/wp-polyfill.min2c7c.js]
[inv.wekita.id/wp-includes/js/dist/hooks.min2757.js]
[inv.wekita.id/wp-includes/js/dist/i18n.minc33c.js]
[inv.wekita.id/wp-content/plugins/elementor-pro/assets/js/frontend.minaad7.js]
[inv.wekita.id/wp-content/plugins/elementor/assets/lib/waypoints/waypoints.min05da.js]
[inv.wekita.id/wp-includes/js/jquery/ui/core.min3f14.js]
[inv.wekita.id/wp-content/plugins/elementor/assets/js/frontend.minf3b2.js]
[inv.wekita.id/wp-content/plugins/elementor-pro/assets/js/elements-handlers.minaad7.js]
[inv.wekita.id/wp-content/plugins/elementor-pro/assets/lib/sticky/jquery.sticky.minaad7.js]
[inv.wekita.id/wp-content/plugins/weddingpress/assets/js/wdp.min9b4a.js]
[inv.wekita.id/animasi-premium-06/index.html]
[inv.wekita.id/wp-content/plugins/weddingpress/assets/js/guest-form9b4a.js]
[inv.wekita.id/wp-content/uploads/useanyfont/4055Activists-Regular.woff2]
[inv.wekita.id/wp-content/uploads/useanyfont/4055Activists-Regular.woff]
[inv.wekita.id/wp-content/uploads/useanyfont/3337adinekir.woff2]
[inv.wekita.id/wp-content/uploads/useanyfont/3337adinekir.woff]
[inv.wekita.id/wp-content/uploads/useanyfont/4670Analogue.woff2]
[inv.wekita.id/wp-content/uploads/useanyfont/4670Analogue.woff]
[inv.wekita.id/wp-content/uploads/useanyfont/5752Bavaria-Gates.woff2]
[inv.wekita.id/wp-content/uploads/useanyfont/5752Bavaria-Gates.woff]
[inv.wekita.id/wp-content/uploads/useanyfont/8646Belgan-Aesthetic.woff2]
[inv.wekita.id/wp-content/uploads/useanyfont/8646Belgan-Aesthetic.woff]
[inv.wekita.id/wp-content/uploads/useanyfont/3595Biancha-Script-Demo.woff2]
[inv.wekita.id/wp-content/uploads/useanyfont/3595Biancha-Script-Demo.woff]
[inv.wekita.id/wp-content/uploads/useanyfont/7516Bickham-Script-Pro-R.woff2]
[inv.wekita.id/wp-content/uploads/useanyfont/7516Bickham-Script-Pro-R.woff]
[inv.wekita.id/wp-content/uploads/useanyfont/9190Boheme-Floral.woff2]
[inv.wekita.id/wp-content/uploads/useanyfont/9190Boheme-Floral.woff]
[inv.wekita.id/wp-content/uploads/useanyfont/7004Creattion.woff2]
[inv.wekita.id/wp-content/uploads/useanyfont/7004Creattion.woff]
[inv.wekita.id/wp-content/uploads/useanyfont/1632Editors-Light.woff2]
[inv.wekita.id/wp-content/uploads/useanyfont/1632Editors-Light.woff]
[inv.wekita.id/wp-content/uploads/useanyfont/8500gallerymodern-webfon.woff2]
[inv.wekita.id/wp-content/uploads/useanyfont/8500gallerymodern-webfon.woff]
[inv.wekita.id/wp-content/uploads/useanyfont/8288Hatolie.woff2]
[inv.wekita.id/wp-content/uploads/useanyfont/8288Hatolie.woff]
[inv.wekita.id/wp-content/uploads/useanyfont/7531Iskry-Regular.woff2]
[inv.wekita.id/wp-content/uploads/useanyfont/7531Iskry-Regular.woff]
[inv.wekita.id/wp-content/uploads/useanyfont/5676Italiana-Regular.woff2]
[inv.wekita.id/wp-content/uploads/useanyfont/5676Italiana-Regular.woff]
[inv.wekita.id/wp-content/uploads/useanyfont/2462LaLuxesScript-Regula.woff2]
[inv.wekita.id/wp-content/uploads/useanyfont/2462LaLuxesScript-Regula.woff]
[inv.wekita.id/wp-content/uploads/useanyfont/362Maglonyfreeversion-R.woff2]
[inv.wekita.id/wp-content/uploads/useanyfont/362Maglonyfreeversion-R.woff]
[inv.wekita.id/wp-content/uploads/useanyfont/4902Maglonyfreeversion-R.woff2]
[inv.wekita.id/wp-content/uploads/useanyfont/4902Maglonyfreeversion-R.woff]
[inv.wekita.id/wp-content/uploads/useanyfont/1655month-glade.woff2]
[inv.wekita.id/wp-content/uploads/useanyfont/1655month-glade.woff]
[inv.wekita.id/wp-content/uploads/useanyfont/8824Oakes-Grotesk-Regula.woff2]
[inv.wekita.id/wp-content/uploads/useanyfont/8824Oakes-Grotesk-Regula.woff]
[inv.wekita.id/wp-content/uploads/useanyfont/3688PinyonScript.woff2]
[inv.wekita.id/wp-content/uploads/useanyfont/3688PinyonScript.woff]
[inv.wekita.id/wp-content/uploads/useanyfont/5198power.woff2]
[inv.wekita.id/wp-content/uploads/useanyfont/5198power.woff]
[inv.wekita.id/wp-content/uploads/useanyfont/7828Quatera.woff2]
[inv.wekita.id/wp-content/uploads/useanyfont/7828Quatera.woff]
[inv.wekita.id/wp-content/uploads/useanyfont/5704rolasansignature.woff2]
[inv.wekita.id/wp-content/uploads/useanyfont/5704rolasansignature.woff]
[inv.wekita.id/wp-content/uploads/useanyfont/3718Sinoreta.woff2]
[inv.wekita.id/wp-content/uploads/useanyfont/3718Sinoreta.woff]
[inv.wekita.id/wp-content/uploads/useanyfont/4432Sinoreta_PERSONAL_US.woff2]
[inv.wekita.id/wp-content/uploads/useanyfont/4432Sinoreta_PERSONAL_US.woff]
[inv.wekita.id/wp-content/uploads/useanyfont/6931StrawberryCupcakes.woff2]
[inv.wekita.id/wp-content/uploads/useanyfont/6931StrawberryCupcakes.woff]
[inv.wekita.id/wp-content/uploads/useanyfont/608trajan.woff2]
[inv.wekita.id/wp-content/uploads/useanyfont/608trajan.woff]
[inv.wekita.id/wp-content/uploads/useanyfont/8832anydore.woff2]
[inv.wekita.id/wp-content/uploads/useanyfont/8832anydore.woff]
[inv.wekita.id/wp-content/uploads/useanyfont/2696DearSarah.woff2]
[inv.wekita.id/wp-content/uploads/useanyfont/2696DearSarah.woff]
[inv.wekita.id/wp-content/uploads/useanyfont/1625Spring-in-may.woff2]
[inv.wekita.id/wp-content/uploads/useanyfont/1625Spring-in-may.woff]
[inv.wekita.id/wp-content/uploads/useanyfont/4194Dear-Sarah.woff2]
[inv.wekita.id/wp-content/uploads/useanyfont/4194Dear-Sarah.woff]
[inv.wekita.id/wp-content/uploads/useanyfont/4324Coffee-Extra.woff2]
[inv.wekita.id/wp-content/uploads/useanyfont/4324Coffee-Extra.woff]
[inv.wekita.id/wp-content/uploads/useanyfont/6592autumn.woff2]
[inv.wekita.id/wp-content/uploads/useanyfont/6592autumn.woff]
[inv.wekita.id/wp-content/uploads/useanyfont/8024freestyle.woff2]
[inv.wekita.id/wp-content/uploads/useanyfont/8024freestyle.woff]
[inv.wekita.id/wp-content/uploads/useanyfont/6189Rainbow-in-June.woff2]
[inv.wekita.id/wp-content/uploads/useanyfont/6189Rainbow-in-June.woff]
[inv.wekita.id/wp-content/uploads/useanyfont/9576Mishka.woff2]
[inv.wekita.id/wp-content/uploads/useanyfont/9576Mishka.woff]
[inv.wekita.id/wp-content/uploads/useanyfont/4708Coffe-for-breakfast.woff2]
[inv.wekita.id/wp-content/uploads/useanyfont/4708Coffe-for-breakfast.woff]
[inv.wekita.id/wp-content/uploads/useanyfont/258Hashiba.woff2]
[inv.wekita.id/wp-content/uploads/useanyfont/258Hashiba.woff]
[inv.wekita.id/wp-content/uploads/useanyfont/4996Calvino.woff2]
[inv.wekita.id/wp-content/uploads/useanyfont/4996Calvino.woff]
[inv.wekita.id/wp-content/uploads/useanyfont/8605Winterbeauty-Script.woff2]
[inv.wekita.id/wp-content/uploads/useanyfont/8605Winterbeauty-Script.woff]
[inv.wekita.id/wp-content/uploads/useanyfont/188Back-to-School.woff2]
[inv.wekita.id/wp-content/uploads/useanyfont/188Back-to-School.woff]
[inv.wekita.id/wp-content/uploads/useanyfont/3283Revania.woff2]
[inv.wekita.id/wp-content/uploads/useanyfont/3283Revania.woff]
[inv.wekita.id/wp-content/uploads/useanyfont/681Italianno.woff2]
[inv.wekita.id/wp-content/uploads/useanyfont/681Italianno.woff]
[inv.wekita.id/wp-content/uploads/useanyfont/5819traditional-arabic.woff2]
[inv.wekita.id/wp-content/uploads/useanyfont/5819traditional-arabic.woff]
[inv.wekita.id/wp-content/uploads/useanyfont/9765redrains-demo.woff2]
[inv.wekita.id/wp-content/uploads/useanyfont/9765redrains-demo.woff]
[inv.wekita.id/wp-content/uploads/useanyfont/2708Black-Rotela.woff2]
[inv.wekita.id/wp-content/uploads/useanyfont/2708Black-Rotela.woff]
[inv.wekita.id/wp-content/uploads/useanyfont/4887Mainstay.woff2]
[inv.wekita.id/wp-content/uploads/useanyfont/4887Mainstay.woff]
[inv.wekita.id/wp-content/uploads/useanyfont/9048monoline.woff2]
[inv.wekita.id/wp-content/uploads/useanyfont/9048monoline.woff]
[inv.wekita.id/wp-content/uploads/useanyfont/3375Praise.woff2]
[inv.wekita.id/wp-content/uploads/useanyfont/3375Praise.woff]
[inv.wekita.id/wp-content/uploads/useanyfont/6135playball.woff2]
[inv.wekita.id/wp-content/uploads/useanyfont/6135playball.woff]
[inv.wekita.id/wp-content/uploads/useanyfont/1996The-Californication.woff2]
[inv.wekita.id/wp-content/uploads/useanyfont/1996The-Californication.woff]
[inv.wekita.id/wp-content/uploads/useanyfont/3736photograph.woff2]
[inv.wekita.id/wp-content/uploads/useanyfont/3736photograph.woff]
[inv.wekita.id/wp-content/uploads/useanyfont/983Muthiara.woff2]
[inv.wekita.id/wp-content/uploads/useanyfont/983Muthiara.woff]
[inv.wekita.id/wp-content/uploads/useanyfont/3351high_spirited.woff2]
[inv.wekita.id/wp-content/uploads/useanyfont/3351high_spirited.woff]
[inv.wekita.id/wp-content/uploads/useanyfont/1433Bernardo.woff2]
[inv.wekita.id/wp-content/uploads/useanyfont/1433Bernardo.woff]
[inv.wekita.id/wp-content/uploads/useanyfont/8737grithani.woff2]
[inv.wekita.id/wp-content/uploads/useanyfont/8737grithani.woff]
[inv.wekita.id/wp-content/uploads/useanyfont/2450AgencyFB-Bold.woff2]
[inv.wekita.id/wp-content/uploads/useanyfont/2450AgencyFB-Bold.woff]
[inv.wekita.id/wp-content/uploads/useanyfont/7538Cream-Cake.woff2]
[inv.wekita.id/wp-content/uploads/useanyfont/7538Cream-Cake.woff]
[inv.wekita.id/wp-content/uploads/useanyfont/7468Monotype-Corsiva.woff2]
[inv.wekita.id/wp-content/uploads/useanyfont/7468Monotype-Corsiva.woff]
[inv.wekita.id/wp-content/uploads/useanyfont/1154mutiara.woff2]
[inv.wekita.id/wp-content/uploads/useanyfont/1154mutiara.woff]
[inv.wekita.id/wp-content/uploads/useanyfont/7760Carolyna-Pro-Black.woff2]
[inv.wekita.id/wp-content/uploads/useanyfont/7760Carolyna-Pro-Black.woff]
[inv.wekita.id/wp-content/uploads/useanyfont/7432Belisha.woff2]
[inv.wekita.id/wp-content/uploads/useanyfont/7432Belisha.woff]
[inv.wekita.id/wp-content/uploads/useanyfont/5896bohemian.woff2]
[inv.wekita.id/wp-content/uploads/useanyfont/5896bohemian.woff]
[inv.wekita.id/wp-content/uploads/useanyfont/6318bodebeck.woff2]
[inv.wekita.id/wp-content/uploads/useanyfont/6318bodebeck.woff]
[inv.wekita.id/wp-content/uploads/useanyfont/4743The-bernardo.woff2]
[inv.wekita.id/wp-content/uploads/useanyfont/4743The-bernardo.woff]
[inv.wekita.id/wp-content/uploads/useanyfont/4673Vogue.woff2]
[inv.wekita.id/wp-content/uploads/useanyfont/4673Vogue.woff]
[inv.wekita.id/wp-content/uploads/useanyfont/2407AkayaKanadaka-Regula.woff2]
[inv.wekita.id/wp-content/uploads/useanyfont/2407AkayaKanadaka-Regula.woff]
[inv.wekita.id/wp-content/uploads/useanyfont/274BebasNeue-Regular.woff2]
[inv.wekita.id/wp-content/uploads/useanyfont/274BebasNeue-Regular.woff]
[inv.wekita.id/wp-content/uploads/useanyfont/4684Chilanka-Regular.woff2]
[inv.wekita.id/wp-content/uploads/useanyfont/4684Chilanka-Regular.woff]
[inv.wekita.id/wp-content/uploads/useanyfont/7023DeliusSwashCaps-Regu.woff2]
[inv.wekita.id/wp-content/uploads/useanyfont/7023DeliusSwashCaps-Regu.woff]
[inv.wekita.id/wp-content/uploads/useanyfont/7311HennyPenny-Regular.woff2]
[inv.wekita.id/wp-content/uploads/useanyfont/7311HennyPenny-Regular.woff]
[inv.wekita.id/wp-content/uploads/useanyfont/658Italiana-Regular.woff2]
[inv.wekita.id/wp-content/uploads/useanyfont/658Italiana-Regular.woff]
[inv.wekita.id/wp-content/uploads/useanyfont/54matrix.woff2]
[inv.wekita.id/wp-content/uploads/useanyfont/54matrix.woff]
[inv.wekita.id/wp-content/uploads/useanyfont/3442mvboli.woff2]
[inv.wekita.id/wp-content/uploads/useanyfont/3442mvboli.woff]
[inv.wekita.id/wp-content/uploads/useanyfont/8561PinyonScript-Regular.woff2]
[inv.wekita.id/wp-content/uploads/useanyfont/8561PinyonScript-Regular.woff]
[inv.wekita.id/wp-content/uploads/useanyfont/3499PoorStory-Regular.woff2]
[inv.wekita.id/wp-content/uploads/useanyfont/3499PoorStory-Regular.woff]
[inv.wekita.id/wp-content/uploads/useanyfont/7120RumRaisin-Regular.woff2]
[inv.wekita.id/wp-content/uploads/useanyfont/7120RumRaisin-Regular.woff]
[inv.wekita.id/wp-content/uploads/useanyfont/197Skranji-Regular.woff2]
[inv.wekita.id/wp-content/uploads/useanyfont/197Skranji-Regular.woff]
[inv.wekita.id/wp-content/uploads/useanyfont/7457Sweet-Saturday.woff2]
[inv.wekita.id/wp-content/uploads/useanyfont/7457Sweet-Saturday.woff]
[inv.wekita.id/wp-content/uploads/useanyfont/2400Tangerine_Regular.woff2]
[inv.wekita.id/wp-content/uploads/useanyfont/2400Tangerine_Regular.woff]
[inv.wekita.id/wp-content/uploads/useanyfont/1273Tangerine.woff2]
[inv.wekita.id/wp-content/uploads/useanyfont/1273Tangerine.woff]
[inv.wekita.id/wp-content/uploads/useanyfont/5871Iskry.woff2]
[inv.wekita.id/wp-content/uploads/useanyfont/5871Iskry.woff]
[inv.wekita.id/wp-content/uploads/useanyfont/515DK-Plague-Master.woff2]
[inv.wekita.id/wp-content/uploads/useanyfont/515DK-Plague-Master.woff]
[inv.wekita.id/wp-content/uploads/useanyfont/69NewYork.woff2]
[inv.wekita.id/wp-content/uploads/useanyfont/69NewYork.woff]
[inv.wekita.id/wp-content/uploads/useanyfont/4123Anabele.woff2]
[inv.wekita.id/wp-content/uploads/useanyfont/4123Anabele.woff]
[inv.wekita.id/wp-content/uploads/useanyfont/2546Alumatica-Regular.woff2]
[inv.wekita.id/wp-content/uploads/useanyfont/2546Alumatica-Regular.woff]
[inv.wekita.id/wp-content/uploads/useanyfont/1450WalbaumDisplay.woff2]
[inv.wekita.id/wp-content/uploads/useanyfont/1450WalbaumDisplay.woff]
[inv.wekita.id/wp-content/uploads/useanyfont/6036paris.woff2]
[inv.wekita.id/wp-content/uploads/useanyfont/6036paris.woff]
[inv.wekita.id/wp-content/uploads/useanyfont/1617Edensor.woff2]
[inv.wekita.id/wp-content/uploads/useanyfont/1617Edensor.woff]
[inv.wekita.id/wp-content/uploads/useanyfont/5043bon-vivan-regular.woff2]
[inv.wekita.id/wp-content/uploads/useanyfont/5043bon-vivan-regular.woff]
[inv.wekita.id/wp-content/uploads/useanyfont/7643Collina-Regular.woff2]
[inv.wekita.id/wp-content/uploads/useanyfont/7643Collina-Regular.woff]
[inv.wekita.id/wp-content/uploads/useanyfont/8358happiness.woff2]
[inv.wekita.id/wp-content/uploads/useanyfont/8358happiness.woff]
[inv.wekita.id/wp-content/uploads/useanyfont/1789South.woff2]
[inv.wekita.id/wp-content/uploads/useanyfont/1789South.woff]
[inv.wekita.id/wp-content/uploads/useanyfont/7320Brittany-Signature.woff2]
[inv.wekita.id/wp-content/uploads/useanyfont/7320Brittany-Signature.woff]
[inv.wekita.id/wp-content/uploads/useanyfont/9678monthoers.woff2]
[inv.wekita.id/wp-content/uploads/useanyfont/9678monthoers.woff]
[inv.wekita.id/wp-content/uploads/useanyfont/9828hello-amelia.woff2]
[inv.wekita.id/wp-content/uploads/useanyfont/9828hello-amelia.woff]
[inv.wekita.id/wp-content/uploads/useanyfont/8028Rubber-Duck.woff2]
[inv.wekita.id/wp-content/uploads/useanyfont/8028Rubber-Duck.woff]
[inv.wekita.id/wp-content/uploads/useanyfont/9609Lilita-One.woff2]
[inv.wekita.id/wp-content/uploads/useanyfont/9609Lilita-One.woff]
[inv.wekita.id/wp-content/uploads/useanyfont/2162Edwardian-Script.woff2]
[inv.wekita.id/wp-content/uploads/useanyfont/2162Edwardian-Script.woff]
[inv.wekita.id/wp-content/uploads/useanyfont/1093Roserri.woff2]
[inv.wekita.id/wp-content/uploads/useanyfont/1093Roserri.woff]
[inv.wekita.id/wp-content/uploads/useanyfont/9167Aphrodite-Slim-Text.woff2]
[inv.wekita.id/wp-content/uploads/useanyfont/9167Aphrodite-Slim-Text.woff]
[inv.wekita.id/wp-content/uploads/useanyfont/1699tangerine.woff2]
[inv.wekita.id/wp-content/uploads/useanyfont/1699tangerine.woff]
[inv.wekita.id/wp-content/uploads/useanyfont/9940Tangerine.woff2]
[inv.wekita.id/wp-content/uploads/useanyfont/9940Tangerine.woff]
[inv.wekita.id/wp-content/uploads/useanyfont/uaf4fd2.css]
[inv.wekita.id/wp-content/plugins/weddingpress/assets/css/wdp-centered-timeline.min8da3.css]
[inv.wekita.id/wp-content/plugins/weddingpress/assets/css/wdp-horizontal-styles.min8da3.css]
[inv.wekita.id/wp-content/plugins/weddingpress/assets/css/wdp-fontello8da3.css]
[inv.wekita.id/wp-content/plugins/weddingpress/assets/css/exad-styles.min8da3.css]
[inv.wekita.id/wp-content/plugins/weddingpress/addons/comment-kit2/css/fonts/cuifont7137.eot]
[inv.wekita.id/wp-content/plugins/weddingpress/addons/comment-kit2/css/fonts/cuifont7137.ttf]
[inv.wekita.id/wp-content/plugins/weddingpress/addons/comment-kit2/css/fonts/cuifont7137.woff]
[inv.wekita.id/wp-content/plugins/weddingpress/addons/comment-kit2/css/fonts/cuifont7137.svg]
[inv.wekita.id/wp-content/plugins/weddingpress/addons/comment-kit2/css/images/modal_x.png]
[inv.wekita.id/wp-content/plugins/weddingpress/addons/comment-kit2/css/cui_style8a54.css]
[inv.wekita.id/wp-content/themes/hello-elementor/style.min653d.css]
[inv.wekita.id/wp-content/themes/hello-elementor/theme.min653d.css]
[inv.wekita.id/wp-content/plugins/elementor/assets/css/frontend-lite.minf3b2.css]
[inv.wekita.id/wp-content/uploads/elementor/css/post-7b048.css]
[inv.wekita.id/wp-content/plugins/elementor/assets/lib/eicons/css/elementor-icons.min7bb8.css]
[inv.wekita.id/wp-content/plugins/elementor/assets/lib/swiper/v8/css/swiper.min94a4.css]
[inv.wekita.id/wp-content/plugins/elementor-pro/assets/css/frontend-lite.minaad7.css]
[inv.wekita.id/wp-content/plugins/weddingpress/assets/css/wdp9b4a.css]
[inv.wekita.id/wp-content/plugins/weddingpress/assets/css/guest-book9b4a.css]
[inv.wekita.id/wp-content/uploads/elementor/css/globalba1f.css]
[inv.wekita.id/wp-content/uploads/2023/08/muslim-18-gandengan-tangan-e1691066729264.png]
[inv.wekita.id/wp-content/uploads/2023/08/Muslim-18-WANITA.png]
[inv.wekita.id/wp-content/uploads/2023/08/Muslim-18-PRIA.png]
[inv.wekita.id/wp-content/uploads/elementor/css/post-3021f7ff.css]
[inv.wekita.id/wp-content/plugins/elementor/assets/lib/font-awesome/css/fontawesome.min52d5.css]
[inv.wekita.id/wp-content/plugins/elementor/assets/lib/font-awesome/css/brands.min52d5.css]
[inv.wekita.id/wp-content/plugins/elementor/assets/lib/font-awesome/css/solid.min52d5.css]
[inv.wekita.id/wp-content/plugins/elementor/assets/lib/font-awesome/css/regular.min52d5.css]
[inv.wekita.id/animasi-premium-06/index7890.html]
[inv.wekita.id/wp-content/plugins/elementor-pro/assets/css/widget-animated-headline.min.css]
[inv.wekita.id/wp-content/plugins/elementor/assets/lib/animations/animations.minf3b2.css]
[inv.wekita.id/wp-content/plugins/weddingpress/addons/comment-kit2/css/fonts/cuifont7137.svg]
[inv.wekita.id/wp-content/plugins/weddingpress/addons/comment-kit2/css/images/modal_x.html]
